../Src/main.c:27:10:get_number_from_key	24	static
../Src/main.c:44:10:get_key_from_number	16	static
../Src/main.c:66:5:main	240	static
../Src/main.c:379:6:delay_ms	24	static,ignoring_inline_asm
../Src/main.c:386:6:actualizar_valores_display	16	static
../Src/main.c:420:10:decodificador	24	static
../Src/main.c:440:6:decodificador_decimal	16	static
../Src/main.c:451:9:USART2_read	8	static
../Src/main.c:457:6:USART2_write	16	static
../Src/main.c:463:6:USART2_putstring	16	static
../Src/main.c:472:6:USART2_putstring_E	16	static
